19:27:14 **** Incremental Build of configuration Debug for project diplomaterv_smart_home ****
make -j3 all 
arm-none-eabi-size   diplomaterv_smart_home.elf 
   text	   data	    bss	    dec	    hex	filename
  19400	     20	  18100	  37520	   9290	diplomaterv_smart_home.elf
Finished building: default.size.stdout
 
19:27:23 **** Incremental Build of configuration Debug for project diplomaterv_smart_home ****
make -j3 all 
arm-none-eabi-size   diplomaterv_smart_home.elf 
   text	   data	    bss	    dec	    hex	filename
  19400	     20	  18100	  37520	   9290	diplomaterv_smart_home.elf
Finished building: default.size.stdout
 
19:27:58 **** Incremental Build of configuration Debug for project diplomaterv_smart_home ****
make -j3 all 
arm-none-eabi-size   diplomaterv_smart_home.elf 
   text	   data	    bss	    dec	    hex	filename
  19400	     20	  18100	  37520	   9290	diplomaterv_smart_home.elf
Finished building: default.size.stdout
 
19:32:37 **** Incremental Build of configuration Debug for project diplomaterv_smart_home ****
make -j3 all 
arm-none-eabi-size   diplomaterv_smart_home.elf 
   text	   data	    bss	    dec	    hex	filename
  19400	     20	  18100	  37520	   9290	diplomaterv_smart_home.elf
Finished building: default.size.stdout
 
19:42:33 **** Incremental Build of configuration Debug for project diplomaterv_smart_home ****
make -j3 all 
arm-none-eabi-size   diplomaterv_smart_home.elf 
   text	   data	    bss	    dec	    hex	filename
  19400	     20	  18100	  37520	   9290	diplomaterv_smart_home.elf
Finished building: default.size.stdout
 
19:42:46 **** Incremental Build of configuration Debug for project diplomaterv_smart_home ****
make -j3 all 
arm-none-eabi-size   diplomaterv_smart_home.elf 
   text	   data	    bss	    dec	    hex	filename
  19400	     20	  18100	  37520	   9290	diplomaterv_smart_home.elf
Finished building: default.size.stdout
 
19:43:46 **** Incremental Build of configuration Debug for project diplomaterv_smart_home ****
make -j3 all 
arm-none-eabi-size   diplomaterv_smart_home.elf 
   text	   data	    bss	    dec	    hex	filename
  19400	     20	  18100	  37520	   9290	diplomaterv_smart_home.elf
Finished building: default.size.stdout
 
19:45:34 **** Incremental Build of configuration Debug for project diplomaterv_smart_home ****
make -j3 all 
arm-none-eabi-size   diplomaterv_smart_home.elf 
   text	   data	    bss	    dec	    hex	filename
  19400	     20	  18100	  37520	   9290	diplomaterv_smart_home.elf
Finished building: default.size.stdout
 
19:47:27 **** Incremental Build of configuration Debug for project diplomaterv_smart_home ****
make -j3 all 
arm-none-eabi-size   diplomaterv_smart_home.elf 
   text	   data	    bss	    dec	    hex	filename
  19400	     20	  18100	  37520	   9290	diplomaterv_smart_home.elf
Finished building: default.size.stdout
 
19:51:09 **** Incremental Build of configuration Debug for project diplomaterv_smart_home ****
make -j3 all 
arm-none-eabi-size   diplomaterv_smart_home.elf 
   text	   data	    bss	    dec	    hex	filename
  19400	     20	  18100	  37520	   9290	diplomaterv_smart_home.elf
Finished building: default.size.stdout
 
19:52:03 **** Incremental Build of configuration Debug for project diplomaterv_smart_home ****
make -j3 all 
arm-none-eabi-size   diplomaterv_smart_home.elf 
   text	   data	    bss	    dec	    hex	filename
  19400	     20	  18100	  37520	   9290	diplomaterv_smart_home.elf
Finished building: default.size.stdout
 
19:54:11 **** Incremental Build of configuration Debug for project diplomaterv_smart_home ****
make -j3 all 
arm-none-eabi-size   diplomaterv_smart_home.elf 
   text	   data	    bss	    dec	    hex	filename
  19400	     20	  18100	  37520	   9290	diplomaterv_smart_home.elf
Finished building: default.size.stdout
 
19:54:33 **** Incremental Build of configuration Debug for project diplomaterv_smart_home ****
make -j3 all 
arm-none-eabi-size   diplomaterv_smart_home.elf 
   text	   data	    bss	    dec	    hex	filename
  19400	     20	  18100	  37520	   9290	diplomaterv_smart_home.elf
Finished building: default.size.stdout
 
20:10:23 **** Incremental Build of configuration Debug for project diplomaterv_smart_home ****
make -j3 all 
arm-none-eabi-gcc "../Src/main.c" -mcpu=cortex-m4 -std=gnu11 -g3 -DUSE_HAL_DRIVER -DSTM32F446xx -DDEBUG -c -I../Middlewares/Third_Party/FreeRTOS/Source/include -I../Middlewares/Third_Party/FreeRTOS/Source/portable/GCC/ARM_CM4F -I../Inc -I../Drivers/CMSIS/Include -I../Drivers/STM32F4xx_HAL_Driver/Inc -I../Drivers/CMSIS/Device/ST/STM32F4xx/Include -I../Middlewares/Third_Party/FreeRTOS/Source/CMSIS_RTOS -I../Drivers/STM32F4xx_HAL_Driver/Inc/Legacy -O0 -ffunction-sections -fdata-sections -Wall -fstack-usage -MMD -MP -MF"Src/main.d" -MT"Src/main.o" --specs=nano.specs -mfpu=fpv4-sp-d16 -mfloat-abi=hard -mthumb -o "Src/main.o"
../Src/main.c: In function 'StartTaskCommunication':
../Src/main.c:434:16: error: expected ')' before ';' token
    osDelay(1000;
                ^
../Src/main.c:435:3: error: expected ';' before '}' token
   }
   ^
make: *** [Src/subdir.mk:44: Src/main.o] Error 1
"make -j3 all" terminated with exit code 2. Build might be incomplete.
20:10:36 **** Incremental Build of configuration Debug for project diplomaterv_smart_home ****
make -j3 all 
arm-none-eabi-gcc "../Src/main.c" -mcpu=cortex-m4 -std=gnu11 -g3 -DUSE_HAL_DRIVER -DSTM32F446xx -DDEBUG -c -I../Middlewares/Third_Party/FreeRTOS/Source/include -I../Middlewares/Third_Party/FreeRTOS/Source/portable/GCC/ARM_CM4F -I../Inc -I../Drivers/CMSIS/Include -I../Drivers/STM32F4xx_HAL_Driver/Inc -I../Drivers/CMSIS/Device/ST/STM32F4xx/Include -I../Middlewares/Third_Party/FreeRTOS/Source/CMSIS_RTOS -I../Drivers/STM32F4xx_HAL_Driver/Inc/Legacy -O0 -ffunction-sections -fdata-sections -Wall -fstack-usage -MMD -MP -MF"Src/main.d" -MT"Src/main.o" --specs=nano.specs -mfpu=fpv4-sp-d16 -mfloat-abi=hard -mthumb -o "Src/main.o"
arm-none-eabi-gcc -o "diplomaterv_smart_home.elf" @"objects.list"   -mcpu=cortex-m4 -T"/Users/pasztoradam/Library/Mobile Documents/com~apple~CloudDocs/Diplomaterv/SW/Smart_home_SW/STM32F446RETX_FLASH.ld" --specs=nosys.specs -Wl,-Map="diplomaterv_smart_home.map" -Wl,--gc-sections -static --specs=nano.specs -mfpu=fpv4-sp-d16 -mfloat-abi=hard -mthumb -Wl,--start-group -lc -lm -Wl,--end-group
Finished building target: diplomaterv_smart_home.elf
 
arm-none-eabi-objdump -h -S  diplomaterv_smart_home.elf  > "diplomaterv_smart_home.list"
arm-none-eabi-size   diplomaterv_smart_home.elf 
   text	   data	    bss	    dec	    hex	filename
  19472	     20	  18100	  37592	   92d8	diplomaterv_smart_home.elf
Finished building: default.size.stdout
 
Finished building: diplomaterv_smart_home.list
 
20:12:04 **** Incremental Build of configuration Debug for project diplomaterv_smart_home ****
make -j3 all 
arm-none-eabi-size   diplomaterv_smart_home.elf 
   text	   data	    bss	    dec	    hex	filename
  19472	     20	  18100	  37592	   92d8	diplomaterv_smart_home.elf
Finished building: default.size.stdout
 
20:13:38 **** Incremental Build of configuration Debug for project diplomaterv_smart_home ****
make -j3 all 
arm-none-eabi-gcc "../Src/main.c" -mcpu=cortex-m4 -std=gnu11 -g3 -DUSE_HAL_DRIVER -DSTM32F446xx -DDEBUG -c -I../Middlewares/Third_Party/FreeRTOS/Source/include -I../Middlewares/Third_Party/FreeRTOS/Source/portable/GCC/ARM_CM4F -I../Inc -I../Drivers/CMSIS/Include -I../Drivers/STM32F4xx_HAL_Driver/Inc -I../Drivers/CMSIS/Device/ST/STM32F4xx/Include -I../Middlewares/Third_Party/FreeRTOS/Source/CMSIS_RTOS -I../Drivers/STM32F4xx_HAL_Driver/Inc/Legacy -O0 -ffunction-sections -fdata-sections -Wall -fstack-usage -MMD -MP -MF"Src/main.d" -MT"Src/main.o" --specs=nano.specs -mfpu=fpv4-sp-d16 -mfloat-abi=hard -mthumb -o "Src/main.o"
arm-none-eabi-gcc -o "diplomaterv_smart_home.elf" @"objects.list"   -mcpu=cortex-m4 -T"/Users/pasztoradam/Library/Mobile Documents/com~apple~CloudDocs/Diplomaterv/SW/Smart_home_SW/STM32F446RETX_FLASH.ld" --specs=nosys.specs -Wl,-Map="diplomaterv_smart_home.map" -Wl,--gc-sections -static --specs=nano.specs -mfpu=fpv4-sp-d16 -mfloat-abi=hard -mthumb -Wl,--start-group -lc -lm -Wl,--end-group
Finished building target: diplomaterv_smart_home.elf
 
arm-none-eabi-objdump -h -S  diplomaterv_smart_home.elf  > "diplomaterv_smart_home.list"
arm-none-eabi-size   diplomaterv_smart_home.elf 
   text	   data	    bss	    dec	    hex	filename
  19472	     20	  18100	  37592	   92d8	diplomaterv_smart_home.elf
Finished building: default.size.stdout
 
Finished building: diplomaterv_smart_home.list
 
20:13:57 **** Incremental Build of configuration Debug for project diplomaterv_smart_home ****
make -j3 all 
arm-none-eabi-size   diplomaterv_smart_home.elf 
   text	   data	    bss	    dec	    hex	filename
  19472	     20	  18100	  37592	   92d8	diplomaterv_smart_home.elf
Finished building: default.size.stdout
 
20:18:24 **** Incremental Build of configuration Debug for project diplomaterv_smart_home ****
make -j3 all 
arm-none-eabi-size   diplomaterv_smart_home.elf 
   text	   data	    bss	    dec	    hex	filename
  19472	     20	  18100	  37592	   92d8	diplomaterv_smart_home.elf
Finished building: default.size.stdout
 
12:04:53 **** Incremental Build of configuration Debug for project diplomaterv_smart_home ****
make -j3 all 
arm-none-eabi-gcc "../Src/main.c" -mcpu=cortex-m4 -std=gnu11 -g3 -DUSE_HAL_DRIVER -DSTM32F446xx -DDEBUG -c -I../Middlewares/Third_Party/FreeRTOS/Source/include -I../Middlewares/Third_Party/FreeRTOS/Source/portable/GCC/ARM_CM4F -I../Inc -I../Drivers/CMSIS/Include -I../Drivers/STM32F4xx_HAL_Driver/Inc -I../Drivers/CMSIS/Device/ST/STM32F4xx/Include -I../Middlewares/Third_Party/FreeRTOS/Source/CMSIS_RTOS -I../Drivers/STM32F4xx_HAL_Driver/Inc/Legacy -O0 -ffunction-sections -fdata-sections -Wall -fstack-usage -MMD -MP -MF"Src/main.d" -MT"Src/main.o" --specs=nano.specs -mfpu=fpv4-sp-d16 -mfloat-abi=hard -mthumb -o "Src/main.o"
arm-none-eabi-gcc -o "diplomaterv_smart_home.elf" @"objects.list"   -mcpu=cortex-m4 -T"/Users/pasztoradam/Library/Mobile Documents/com~apple~CloudDocs/Diplomaterv/SW/Smart_home_SW/STM32F446RETX_FLASH.ld" --specs=nosys.specs -Wl,-Map="diplomaterv_smart_home.map" -Wl,--gc-sections -static --specs=nano.specs -mfpu=fpv4-sp-d16 -mfloat-abi=hard -mthumb -Wl,--start-group -lc -lm -Wl,--end-group
Finished building target: diplomaterv_smart_home.elf
 
arm-none-eabi-objdump -h -S  diplomaterv_smart_home.elf  > "diplomaterv_smart_home.list"
arm-none-eabi-size   diplomaterv_smart_home.elf 
   text	   data	    bss	    dec	    hex	filename
  19400	     20	  18100	  37520	   9290	diplomaterv_smart_home.elf
Finished building: default.size.stdout
 
Finished building: diplomaterv_smart_home.list
 
21:39:06 **** Build of configuration Debug for project diplomaterv_smart_home ****
make -j3 all 
arm-none-eabi-size   diplomaterv_smart_home.elf 
   text	   data	    bss	    dec	    hex	filename
  19400	     20	  18100	  37520	   9290	diplomaterv_smart_home.elf
Finished building: default.size.stdout
 
21:39:40 **** Incremental Build of configuration Debug for project diplomaterv_smart_home ****
make -j3 all 
arm-none-eabi-gcc "../Src/main.c" -mcpu=cortex-m4 -std=gnu11 -g3 -DUSE_HAL_DRIVER -DSTM32F446xx -DDEBUG -c -I../Middlewares/Third_Party/FreeRTOS/Source/include -I../Middlewares/Third_Party/FreeRTOS/Source/portable/GCC/ARM_CM4F -I../Inc -I../Drivers/CMSIS/Include -I../Drivers/STM32F4xx_HAL_Driver/Inc -I../Drivers/CMSIS/Device/ST/STM32F4xx/Include -I../Middlewares/Third_Party/FreeRTOS/Source/CMSIS_RTOS -I../Drivers/STM32F4xx_HAL_Driver/Inc/Legacy -O0 -ffunction-sections -fdata-sections -Wall -fstack-usage -MMD -MP -MF"Src/main.d" -MT"Src/main.o" --specs=nano.specs -mfpu=fpv4-sp-d16 -mfloat-abi=hard -mthumb -o "Src/main.o"
arm-none-eabi-gcc -o "diplomaterv_smart_home.elf" @"objects.list"   -mcpu=cortex-m4 -T"/Users/pasztoradam/Library/Mobile Documents/com~apple~CloudDocs/Diplomaterv/SW/Smart_home_SW/STM32F446RETX_FLASH.ld" --specs=nosys.specs -Wl,-Map="diplomaterv_smart_home.map" -Wl,--gc-sections -static --specs=nano.specs -mfpu=fpv4-sp-d16 -mfloat-abi=hard -mthumb -Wl,--start-group -lc -lm -Wl,--end-group
Finished building target: diplomaterv_smart_home.elf
 
arm-none-eabi-objdump -h -S  diplomaterv_smart_home.elf  > "diplomaterv_smart_home.list"
arm-none-eabi-size   diplomaterv_smart_home.elf 
   text	   data	    bss	    dec	    hex	filename
  19472	     20	  18100	  37592	   92d8	diplomaterv_smart_home.elf
Finished building: default.size.stdout
 
Finished building: diplomaterv_smart_home.list
 
21:40:12 **** Incremental Build of configuration Debug for project diplomaterv_smart_home ****
make -j3 all 
arm-none-eabi-size   diplomaterv_smart_home.elf 
   text	   data	    bss	    dec	    hex	filename
  19472	     20	  18100	  37592	   92d8	diplomaterv_smart_home.elf
Finished building: default.size.stdout
 
